I'm sorry, but errors were detected in your script. Please correct the
errors listed below, and try again.


File "game/script.rpy", line 15: expected statement.
    iamge shigure draw yandere = im.FactorScale("shigure2_yandere.png", 1.5)
                               ^

Ren'Py Version: Ren'Py 6.99.8.959
